\BOOKMARK [1][-]{section*.2}{\376\377\0000\000.\000\040\200\003\213\325\173\124\230\230\211\304\203\003\377\032\116\015\211\201\123\352\121\231\176\323\213\272}{}% 1
\BOOKMARK [2][-]{subsection*.3}{\376\377\0000\000.\0001\000\040\000C\000o\000n\000s\000t\000r\000u\000c\000t\000i\000o\000n\000\040\000p\000r\000o\000o\000f\000\040\137\305\230\173\121\231\133\214\145\164\147\204\220\040}{section*.2}% 2
\BOOKMARK [1][-]{section*.4}{\376\377\0001\000.\000\040\000D\000F\000A\000\040\116\016\153\143\122\031\213\355\212\000}{}% 3
\BOOKMARK [2][-]{subsection*.5}{\376\377\0001\000.\0001\000\040\000D\000F\000A\000\040\133\232\116\111\116\016\143\245\123\327}{section*.4}% 4
\BOOKMARK [2][-]{subsection*.6}{\376\377\0001\000.\0002\000\040\213\276\213\241\000\040\000D\000F\000A\000\040\166\204\136\070\165\050\162\266\140\001\124\053\116\111}{section*.4}% 5
\BOOKMARK [2][-]{subsection*.7}{\376\377\0001\000.\0003\000\040\153\143\122\031\217\320\173\227\124\214\225\355\123\005}{section*.4}% 6
\BOOKMARK [2][-]{subsection*.8}{\376\377\0001\000.\0004\000\040\000A\000s\000s\000i\000g\000n\000m\000e\000n\000t\000\040\0001\000\040\133\371\237\120}{section*.4}% 7
\BOOKMARK [1][-]{section*.9}{\376\377\0002\000.\000\040\000N\000F\000A\060\001\153\143\122\031\210\150\217\276\137\017\060\001\000G\000N\000F\000A}{}% 8
\BOOKMARK [2][-]{subsection*.10}{\376\377\0002\000.\0001\000\040\000N\000F\000A\000\040\133\232\116\111}{section*.9}% 9
\BOOKMARK [2][-]{subsection*.11}{\376\377\0002\000.\0002\000\040\000N\000F\000A\000\040\116\016\000\040\000D\000F\000A\000\040\173\111\116\367}{section*.9}% 10
\BOOKMARK [2][-]{subsection*.12}{\376\377\0002\000.\0003\000\040\000N\000F\000A\000\040\217\154\000\040\000D\000F\000A\377\032\000s\000u\000b\000s\000e\000t\000\040\000c\000o\000n\000s\000t\000r\000u\000c\000t\000i\000o\000n\000\040\133\214\145\164\121\231\154\325}{section*.9}% 11
\BOOKMARK [2][-]{subsection*.13}{\376\377\0002\000.\0004\000\040\000N\000F\000A\000\040\217\154\000\040\000D\000F\000A\000\040\171\072\117\213\000\040\0001\377\032\145\340\000\040\000\040\166\204\000\040\000N\000F\000A}{section*.9}% 12
\BOOKMARK [2][-]{subsection*.14}{\376\377\0002\000.\0005\000\040\000N\000F\000A\000\040\217\154\000\040\000D\000F\000A\000\040\171\072\117\213\000\040\0002\377\032\136\046\000\040\000-\000c\000l\000o\000s\000u\000r\000e}{section*.9}% 13
\BOOKMARK [2][-]{subsection*.15}{\376\377\0002\000.\0006\000\040\153\143\122\031\210\150\217\276\137\017}{section*.9}% 14
\BOOKMARK [2][-]{subsection*.16}{\376\377\0002\000.\0007\000\040\000T\000h\000o\000m\000p\000s\000o\000n\000\040\147\204\220\040\116\016\162\266\140\001\155\210\226\144}{section*.9}% 15
\BOOKMARK [2][-]{subsection*.17}{\376\377\0002\000.\0008\000\040\000A\000s\000s\000i\000g\000n\000m\000e\000n\000t\000\040\0002\000\040\133\371\237\120}{section*.9}% 16
\BOOKMARK [2][-]{subsection*.18}{\376\377\0002\000.\0009\000\040\000A\000s\000s\000i\000g\000n\000m\000e\000n\000t\000\040\0003\000\040\133\371\237\120}{section*.9}% 17
\BOOKMARK [1][-]{section*.19}{\376\377\0003\000.\000\040\227\136\153\143\122\031\213\355\212\000\116\016\000\040\000P\000u\000m\000p\000i\000n\000g\000\040\000L\000e\000m\000m\000a}{}% 18
\BOOKMARK [2][-]{subsection*.20}{\376\377\0003\000.\0001\000\040\153\143\122\031\000\040\000P\000u\000m\000p\000i\000n\000g\000\040\000L\000e\000m\000m\000a}{section*.19}% 19
\BOOKMARK [2][-]{subsection*.21}{\376\377\0003\000.\0002\000\040\000A\000s\000s\000i\000g\000n\000m\000e\000n\000t\000\040\0004\000\040\150\007\121\306\213\301\146\016}{section*.19}% 20
\BOOKMARK [1][-]{section*.22}{\376\377\0004\000.\000\040\000C\000F\000G\060\001\000C\000F\000L\060\001\000P\000D\000A}{}% 21
\BOOKMARK [2][-]{subsection*.23}{\376\377\0004\000.\0001\000\040\000C\000F\000G\000\040\133\232\116\111}{section*.22}% 22
\BOOKMARK [2][-]{subsection*.24}{\376\377\0004\000.\0002\000\040\136\070\165\050\000\040\000C\000F\000G}{section*.22}% 23
\BOOKMARK [2][-]{subsection*.25}{\376\377\0004\000.\0003\000\040\000C\000N\000F}{section*.22}% 24
\BOOKMARK [2][-]{subsection*.26}{\376\377\0004\000.\0004\000\040\000P\000D\000A}{section*.22}% 25
\BOOKMARK [2][-]{subsection*.27}{\376\377\0004\000.\0005\000\040\000C\000F\000G\000\040\217\154\000\040\000P\000D\000A\377\032\133\214\145\164\147\204\220\040}{section*.22}% 26
\BOOKMARK [2][-]{subsection*.28}{\376\377\0004\000.\0006\000\040\000C\000F\000G\000\040\217\154\000\040\000P\000D\000A\000\040\171\072\117\213\377\032\0000\000n\0001\000n}{section*.22}% 27
\BOOKMARK [2][-]{subsection*.29}{\376\377\0004\000.\0007\000\040\000P\000D\000A\000\040\217\154\000\040\000C\000F\000G\377\032\133\214\145\164\147\204\220\040}{section*.22}% 28
\BOOKMARK [2][-]{subsection*.30}{\376\377\0004\000.\0008\000\040\000P\000D\000A\000\040\217\154\000\040\000C\000F\000G\000\040\171\072\117\213\377\032\116\316\000\040\000P\000D\000A\000\040\137\227\122\060\000\040\000S\0000\000S\0001}{section*.22}% 29
\BOOKMARK [2][-]{subsection*.31}{\376\377\0004\000.\0009\000\040\000C\000F\000L\000\040\225\355\123\005\116\016\227\136\225\355\123\005}{section*.22}% 30
\BOOKMARK [2][-]{subsection*.32}{\376\377\0004\000.\0001\0000\000\040\000C\000F\000L\000\040\000P\000u\000m\000p\000i\000n\000g\000\040\000L\000e\000m\000m\000a}{section*.22}% 31
\BOOKMARK [2][-]{subsection*.33}{\376\377\0004\000.\0001\0001\000\040\000C\000N\000F\000\040\143\250\133\374\225\177\136\246}{section*.22}% 32
\BOOKMARK [1][-]{section*.34}{\376\377\0005\000.\000\040\000T\000u\000r\000i\000n\000g\000\040\000M\000a\000c\000h\000i\000n\000e\000s\000\040\116\016\000\040\000C\000h\000u\000r\000c\000h\000-\000T\000u\000r\000i\000n\000g}{}% 33
\BOOKMARK [2][-]{subsection*.35}{\376\377\0005\000.\0001\000\040\000T\000M\000\040\133\232\116\111}{section*.34}% 34
\BOOKMARK [2][-]{subsection*.36}{\376\377\0005\000.\0002\000\040\000D\000e\000c\000i\000d\000e\000r\000\040\000v\000s\000\040\000R\000e\000c\000o\000g\000n\000i\000z\000e\000r}{section*.34}% 35
\BOOKMARK [2][-]{subsection*.37}{\376\377\0005\000.\0003\000\040\000T\000M\000\040\123\330\117\123}{section*.34}% 36
\BOOKMARK [2][-]{subsection*.38}{\376\377\0005\000.\0004\000\040\000T\000M\000\040\213\276\213\241\173\227\154\325\230\230}{section*.34}% 37
\BOOKMARK [1][-]{section*.39}{\376\377\0006\000.\000\040\000D\000e\000c\000i\000d\000a\000b\000i\000l\000i\000t\000y\000\040\116\016\000\040\000U\000n\000d\000e\000c\000i\000d\000a\000b\000i\000l\000i\000t\000y}{}% 38
\BOOKMARK [2][-]{subsection*.40}{\376\377\0006\000.\0001\000\040\123\357\122\044\133\232\213\355\212\000}{section*.39}% 39
\BOOKMARK [2][-]{subsection*.41}{\376\377\0006\000.\0002\000\040\000A\000s\000s\000i\000g\000n\000m\000e\000n\000t\000\040\0008\000\040\133\371\237\120}{section*.39}% 40
\BOOKMARK [2][-]{subsection*.42}{\376\377\0006\000.\0003\000\040\000D\000i\000a\000g\000o\000n\000a\000l\000i\000z\000a\000t\000i\000o\000n\000\040\116\016\000\040\000A\000T\000M}{section*.39}% 41
\BOOKMARK [2][-]{subsection*.43}{\376\377\0006\000.\0004\000\040\000R\000e\000d\000u\000c\000i\000b\000i\000l\000i\000t\000y}{section*.39}% 42
\BOOKMARK [2][-]{subsection*.44}{\376\377\0006\000.\0005\000\040\000R\000i\000c\000e\000\040\000T\000h\000e\000o\000r\000e\000m}{section*.39}% 43
\BOOKMARK [2][-]{subsection*.45}{\376\377\0006\000.\0006\000\040\000A\000s\000s\000i\000g\000n\000m\000e\000n\000t\000\040\0009\000-\0001\0000\000\040\133\371\237\120}{section*.39}% 44
\BOOKMARK [1][-]{section*.46}{\376\377\0007\000.\000\040\000T\000i\000m\000e\000\040\000C\000o\000m\000p\000l\000e\000x\000i\000t\000y\000\040\116\016\000\040\000P}{}% 45
\BOOKMARK [2][-]{subsection*.47}{\376\377\0007\000.\0001\000\040\145\366\225\364\131\015\147\102\136\246}{section*.46}% 46
\BOOKMARK [2][-]{subsection*.48}{\376\377\0007\000.\0002\000\040\000P\000\040\116\055\166\204\121\170\127\213\225\356\230\230}{section*.46}% 47
\BOOKMARK [2][-]{subsection*.49}{\376\377\0007\000.\0003\000\040\000P\000\040\225\355\123\005\116\016\000\040\000A\000s\000s\000i\000g\000n\000m\000e\000n\000t\000\040\0001\0000}{section*.46}% 48
\BOOKMARK [1][-]{section*.50}{\376\377\0008\000.\000\040\000N\000P\060\001\000c\000o\000N\000P\060\001\000P\000o\000l\000y\000n\000o\000m\000i\000a\000l\000\040\000R\000e\000d\000u\000c\000i\000b\000i\000l\000i\000t\000y}{}% 49
\BOOKMARK [2][-]{subsection*.51}{\376\377\0008\000.\0001\000\040\000N\000P\000\040\133\232\116\111}{section*.50}% 50
\BOOKMARK [2][-]{subsection*.52}{\376\377\0008\000.\0002\000\040\136\070\211\301\000\040\000N\000P\000\040\213\301\146\016}{section*.50}% 51
\BOOKMARK [2][-]{subsection*.53}{\376\377\0008\000.\0003\000\040\000N\000P\000\040\225\355\123\005}{section*.50}% 52
\BOOKMARK [2][-]{subsection*.54}{\376\377\0008\000.\0004\000\040\000P\060\001\000N\000P\060\001\000c\000o\000N\000P\000\040\122\044\145\255\230\230}{section*.50}% 53
\BOOKMARK [2][-]{subsection*.55}{\376\377\0008\000.\0005\000\040\0002\000-\000C\000O\000L\000O\000R\000\040\116\016\000\040\0002\000-\000S\000A\000T}{section*.50}% 54
\BOOKMARK [1][-]{section*.56}{\376\377\0009\000.\000\040\000N\000P\000-\000C\000o\000m\000p\000l\000e\000t\000e\000n\000e\000s\000s}{}% 55
\BOOKMARK [2][-]{subsection*.57}{\376\377\0009\000.\0001\000\040\133\232\116\111\116\016\213\301\146\016\131\127\215\357}{section*.56}% 56
\BOOKMARK [2][-]{subsection*.58}{\376\377\0009\000.\0002\000\040\0003\000S\000A\000T\000\040\000-\000>\000\040\000C\000L\000I\000Q\000U\000E}{section*.56}% 57
\BOOKMARK [2][-]{subsection*.59}{\376\377\0009\000.\0003\000\040\0002\000S\000A\000T\000\040\000-\000>\000\040\000C\000L\000I\000Q\000U\000E}{section*.56}% 58
\BOOKMARK [2][-]{subsection*.60}{\376\377\0009\000.\0004\000\040\000D\000o\000u\000b\000l\000e\000-\000S\000A\000T\000\040\000N\000P\000-\000c\000o\000m\000p\000l\000e\000t\000e}{section*.56}% 59
\BOOKMARK [2][-]{subsection*.61}{\376\377\0009\000.\0005\000\040\0003\000S\000A\000T\000\040\000-\000>\000\040\000H\000A\000M\000P\000A\000T\000H}{section*.56}% 60
\BOOKMARK [2][-]{subsection*.62}{\376\377\0009\000.\0006\000\040\000D\000i\000r\000e\000c\000t\000e\000d\000\040\000H\000A\000M\000P\000A\000T\000H\000\040\000-\000>\000\040\000U\000n\000d\000i\000r\000e\000c\000t\000e\000d\000\040\000H\000A\000M\000P\000A\000T\000H}{section*.56}% 61
\BOOKMARK [2][-]{subsection*.63}{\376\377\0009\000.\0007\000\040\0003\000S\000A\000T\000\040\000-\000>\000\040\000V\000E\000R\000T\000E\000X\000-\000C\000O\000V\000E\000R}{section*.56}% 62
\BOOKMARK [2][-]{subsection*.64}{\376\377\0009\000.\0008\000\040\0003\000C\000O\000L\000O\000R\000\040\000N\000P\000-\000c\000o\000m\000p\000l\000e\000t\000e}{section*.56}% 63
\BOOKMARK [1][-]{section*.65}{\376\377\0001\0000\000.\000\040\000C\000o\000o\000k\000-\000L\000e\000v\000i\000n\000\040\116\016\000\040\0003\000S\000A\000T}{}% 64
\BOOKMARK [2][-]{subsection*.66}{\376\377\0001\0000\000.\0001\000\040\000C\000o\000o\000k\000-\000L\000e\000v\000i\000n\000\040\000T\000h\000e\000o\000r\000e\000m}{section*.65}% 65
\BOOKMARK [2][-]{subsection*.67}{\376\377\0001\0000\000.\0002\000\040\000T\000a\000b\000l\000e\000a\000u}{section*.65}% 66
\BOOKMARK [2][-]{subsection*.68}{\376\377\0001\0000\000.\0003\000\040\116\072\116\300\116\110\165\050\000\040\0002\0003\000\040\000w\000i\000n\000d\000o\000w}{section*.65}% 67
\BOOKMARK [2][-]{subsection*.69}{\376\377\0001\0000\000.\0004\000\040\000A\000s\000s\000i\000g\000n\000m\000e\000n\000t\000\040\0001\0003\000\040\000Q\0001\000\040\000t\000a\000b\000l\000e\000a\000u}{section*.65}% 68
\BOOKMARK [2][-]{subsection*.70}{\376\377\0001\0000\000.\0005\000\040\000S\000A\000T\000\040\000-\000>\000\040\0003\000S\000A\000T}{section*.65}% 69
\BOOKMARK [1][-]{section*.71}{\376\377\0001\0001\000.\000\040\000S\000p\000a\000c\000e\000,\000\040\000P\000S\000P\000A\000C\000E\000,\000\040\000N\000P\000-\000h\000a\000r\000d\000n\000e\000s\000s\000,\000\040\217\321\117\074}{}% 70
\BOOKMARK [2][-]{subsection*.72}{\376\377\0001\0001\000.\0001\000\040\000S\000p\000a\000c\000e\000\040\000c\000o\000m\000p\000l\000e\000x\000i\000t\000y}{section*.71}% 71
\BOOKMARK [2][-]{subsection*.73}{\376\377\0001\0001\000.\0002\000\040\000N\000P\000-\000h\000a\000r\000d\000n\000e\000s\000s}{section*.71}% 72
\BOOKMARK [2][-]{subsection*.74}{\376\377\0001\0001\000.\0003\000\040\217\321\117\074\116\016\226\217\147\072\173\227\154\325}{section*.71}% 73
\BOOKMARK [1][-]{section*.75}{\376\377\0001\0002\000.\000\040\137\353\220\037\140\073\210\150}{}% 74
\BOOKMARK [2][-]{subsection*.76}{\376\377\0001\0002\000.\0001\000\040\152\041\127\213\200\375\122\233}{section*.75}% 75
\BOOKMARK [2][-]{subsection*.77}{\376\377\0001\0002\000.\0002\000\040\136\070\211\301\040\034\123\357\122\044\133\232\000/\116\015\123\357\122\044\133\232\000/\123\357\213\306\122\053\040\035}{section*.75}% 76
\BOOKMARK [2][-]{subsection*.78}{\376\377\0001\0002\000.\0003\000\040\136\070\211\301\000\040\000N\000P\000-\000c\000o\000m\000p\000l\000e\000t\000e\000\040\224\376}{section*.75}% 77
\BOOKMARK [2][-]{subsection*.79}{\376\377\0001\0002\000.\0004\000\040\117\134\116\032\133\371\136\224\131\015\116\140\175\042\137\025}{section*.75}% 78
\BOOKMARK [1][-]{section*.80}{\376\377\0001\0003\000.\000\040\147\000\124\016\131\015\116\140\143\320\221\222}{}% 79
